{
  "_links": {
    "self": {
      "href": "/api/organisations"
    },
    "organisation": {
      "href": "/api/organisations/1"
    }
  },
  "_embedded": {
    "organisation": [
      {
        "id": 1,
        "name": "Org1",
        "_links": {
          "self": {
            "href": "/api/organisations/1"
          }
        }
      }
    ]
  }
}