{
  "id": 1,
  "name": "Org Name",
  "_links": {
    "self": {
      "href": "/api/organisations/1"
    }
  }
}